// Jest Snapshot v1, https://goo.gl/fbAQLP

exports[`Hero Section should render Banner 1`] = `ShallowWrapper {}`;

exports[`Hero Section should render Movie Row 1`] = `ShallowWrapper {}`;

exports[`Movie Row should render Movie Row 1`] = `ShallowWrapper {}`;

exports[`row Section should render Movie Row 1`] = `ShallowWrapper {}`;
