// Jest Snapshot v1, https://goo.gl/fbAQLP

exports[`Hero Section should render Banner 1`] = `ShallowWrapper {}`;

exports[`Hero Section should render Navbar 1`] = `ShallowWrapper {}`;

exports[`Hero Section should render play button 1`] = `ShallowWrapper {}`;

exports[`Navigation bar should render Navbar 1`] = `ShallowWrapper {}`;
